Microchip MPLAB XC8 Compiler V2.45

Linker command line:

-W-3 \
  --edf=C:\Program Files\Microchip\xc8\v2.45\pic\dat\20230818022343_en.msgs \
  -cn -h+dist/default/production\P4.X.production.sym \
  --cmf=dist/default/production\P4.X.production.cmf -z -Q16F877A \
  -oC:\Users\user\AppData\Local\Temp\xcAsags.\driver_tmp_3.o \
  --defsym=__MPLAB_BUILD=1 --fixupoverflow=error \
  -Mdist/default/production/P4.X.production.map \
  --md=C:\Users\user\AppData\Local\Temp\xcAsags.\driver_tmp_0.dat -E1 \
  -ver=XC8 Compiler --acfsm=1493 -ACODE=00h-07FFhx4 -ASTRCODE=00h-01FFFh \
  -ASTRING=00h-0FFhx32 -ACONST=00h-0FFhx32 -AENTRY=00h-0FFhx32 \
  -ACOMMON=070h-07Fh -ABANK0=020h-06Fh -ABANK1=0A0h-0EFh \
  -ABANK2=0110h-016Fh -ABANK3=0190h-01EFh \
  -ARAM=020h-06Fh,0A0h-0EFh,0110h-016Fh,0190h-01EFh \
  -AABS1=020h-07Fh,0A0h-0EFh,0110h-016Fh,0190h-01EFh -ASFR0=00h-01Fh \
  -ASFR1=080h-09Fh -ASFR2=0100h-010Fh -ASFR3=0180h-018Fh \
  -ACONFIG=02007h-02007h -DCONFIG=2 -AIDLOC=02000h-02003h -DIDLOC=2 \
  -AEEDATA=00h-0FFh/02100h -peeprom_data=EEDATA -DEEDATA=2 -DCODE=2 \
  -DSTRCODE=2 -DSTRING=2 -DCONST=2 -DENTRY=2 \
  -preset_vec=00h,intentry,init,end_init -ppowerup=CODE -pcinit=CODE \
  -pfunctab=ENTRY -k \
  C:\Users\user\AppData\Local\Temp\xcAsags.\driver_tmp_12.o \
  dist/default/production\P4.X.production.o 

Object code version is 3.11

Machine type is 16F877A



                Name                               Link     Load   Length Selector   Space Scale
C:\Users\user\AppData\Local\Temp\xcAsags.\driver_tmp_12.o
                end_init                              0        0        3        0       0
                config                             2007     2007        1        0       4
dist/default/production\P4.X.production.o
                cinit                               7D8      7D8       28      FB0       0
                config                             2007     2007        1        0       4
                text10                              663      663      175      CC6       0
                text9                               36F      36F        A      6DE       0
                text8                               3A0      3A0       22      740       0
                text7                               386      386       1A      70C       0
                text6                               379      379        D      6F2       0
                text5                               449      449       6B      892       0
                text4                               4B4      4B4       8D      968       0
                text3                               414      414       35      828       0
                text2                               3C2      3C2       25      784       0
                text1                               3E7      3E7       2D      7CE       0
                maintext                            541      541      122      A82       0
                cstackBANK0                          2B       2B        2       20       1
                cstackCOMMON                         70       70        D       70       1
                dataBANK0                            26       26        5       20       1
                bssBANK0                             20       20        6       20       1
                strings                               3        3       3E        6       0
                idataBANK0                          36A      36A        5      6D4       0

TOTAL           Name                               Link     Load   Length     Space
        CLASS   CODE           
                end_init                              0        0        3         0
                cinit                               7D8      7D8       28         0
                text10                              663      663      175         0
                text9                               36F      36F        A         0
                text8                               3A0      3A0       22         0
                text7                               386      386       1A         0
                text6                               379      379        D         0
                text5                               449      449       6B         0
                text4                               4B4      4B4       8D         0
                text3                               414      414       35         0
                text2                               3C2      3C2       25         0
                text1                               3E7      3E7       2D         0
                maintext                            541      541      122         0
                idataBANK0                          36A      36A        5         0

        CLASS   STRCODE        

        CLASS   STRING         
                strings                               3        3       3E         0

        CLASS   CONST          

        CLASS   ENTRY          

        CLASS   COMMON         
                cstackCOMMON                         70       70        D         1

        CLASS   BANK0          
                cstackBANK0                          2B       2B        2         1
                dataBANK0                            26       26        5         1
                bssBANK0                             20       20        6         1

        CLASS   BANK1          

        CLASS   BANK2          

        CLASS   BANK3          

        CLASS   RAM            

        CLASS   ABS1           
                abs_s1                               7E       7E        2         1

        CLASS   SFR0           

        CLASS   SFR1           

        CLASS   SFR2           

        CLASS   SFR3           

        CLASS   CONFIG         
                config                             2007     2007        1         4

        CLASS   IDLOC          

        CLASS   EEDATA         

        CLASS   HEAP           

        CLASS   STACK          



SEGMENTS        Name                           Load    Length   Top    Selector   Space  Class     Delta

                reset_vec                      000000  000003  000003         0       0  CODE        2
                strings                        000003  00003E  000041         6       0  STRING      2
                bssBANK0                       000020  00000D  00002D        20       1  BANK0       1
                cstackCOMMON                   000070  00000D  00007D        70       1  COMMON      1
                idataBANK0                     00036A  000005  00036F       6D4       0  CODE        2
                text9                          00036F  00000A  000379       6DE       0  CODE        2
                text6                          000379  00000D  000386       6F2       0  CODE        2
                text7                          000386  00001A  0003A0       70C       0  CODE        2
                text8                          0003A0  000022  0003C2       740       0  CODE        2
                text2                          0003C2  000025  0003E7       784       0  CODE        2
                text1                          0003E7  00002D  000414       7CE       0  CODE        2
                text3                          000414  000035  000449       828       0  CODE        2
                text5                          000449  00006B  0004B4       892       0  CODE        2
                text4                          0004B4  00008D  000541       968       0  CODE        2
                maintext                       000541  000122  000663       A82       0  CODE        2
                text10                         000663  000175  0007D8       CC6       0  CODE        2
                cinit                          0007D8  000028  000800       FB0       0  CODE        2


UNUSED ADDRESS RANGES

        Name                Unused          Largest block    Delta
        BANK0            002D-006F             43           1
        BANK1            00A0-00EF             50           1
        BANK2            0110-016F             60           1
        BANK3            0190-01EF             60           1
        CODE             0041-0369            329           2
                         0800-1FFF            800
        COMMON           007D-007D              1           1
        CONST            0041-0369            100           2
                         0800-1FFF            100
        EEDATA           2100-21FF            100           2
        ENTRY            0041-0369            100           2
                         0800-1FFF            100
        IDLOC            2000-2003              4           2
        RAM              002D-006F             43           1
                         00A0-00EF             50
                         0110-016F             60
                         0190-01EF             60
        SFR0             0000-001F             20           1
        SFR1             0080-009F             20           1
        SFR2             0100-010F             10           1
        SFR3             0180-018F             10           1
        STRCODE          0041-0369            329           2
                         0800-1FFF           1800
        STRING           0041-0369            100           2
                         0800-1FFF            100

                                  Symbol Table

?_strcmp                  cstackCOMMON 0070
Lcd_Cmd@a                 cstackCOMMON 0073
Lcd_Port@a                cstackCOMMON 0070
Lcd_Set_Cursor@a          cstackCOMMON 0076
Lcd_Set_Cursor@b          cstackCOMMON 0074
Lcd_Set_Cursor@temp       cstackCOMMON 0079
Lcd_Set_Cursor@y          cstackCOMMON 0078
Lcd_Set_Cursor@z          cstackCOMMON 0077
Lcd_Write_Char@a          cstackCOMMON 0074
Lcd_Write_Char@temp       cstackCOMMON 0072
Lcd_Write_Char@y          cstackCOMMON 0073
Lcd_Write_String@a        cstackCOMMON 0077
Lcd_Write_String@i        cstackCOMMON 0075
_ADCON1bits               (abs)        009F
_Keypad_Get_Char          text10       0663
_Keypad_Init              text9        036F
_Lcd_Clear                text6        0379
_Lcd_Cmd                  text7        0386
_Lcd_Init                 text5        0449
_Lcd_Port                 text8        03A0
_Lcd_Set_Cursor           text4        04B4
_Lcd_Write_Char           text3        0414
_Lcd_Write_String         text2        03C2
_PORTBbits                (abs)        0006
_PORTCbits                (abs)        0007
_PORTDbits                (abs)        0008
_TRISBbits                (abs)        0086
_TRISC                    (abs)        0087
_TRISDbits                (abs)        0088
__H__absolute__           __absolute__ 0000
__Habs1                   abs1         0000
__Hbank0                  bank0        0000
__Hbank1                  bank1        0000
__Hbank2                  bank2        0000
__Hbank3                  bank3        0000
__HbssBANK0               bssBANK0     0000
__Hcinit                  cinit        0800
__Hclrtext                clrtext      0000
__Hcode                   code         0000
__Hcommon                 common       0000
__Hconfig                 config       2008
__HcstackBANK0            cstackBANK0  0000
__HcstackCOMMON           cstackCOMMON 0000
__HdataBANK0              dataBANK0    0000
__Heeprom_data            eeprom_data  0000
__Hend_init               end_init     0003
__Hfunctab                functab      0000
__Hheap                   heap         0000
__HidataBANK0             idataBANK0   0000
__Hinit                   init         0000
__Hintentry               intentry     0000
__Hmaintext               maintext     0000
__Hpowerup                powerup      0000
__Hram                    ram          0000
__Hreset_vec              reset_vec    0000
__Hsfr0                   sfr0         0000
__Hsfr1                   sfr1         0000
__Hsfr2                   sfr2         0000
__Hsfr3                   sfr3         0000
__Hspace_0                (abs)        0800
__Hspace_1                (abs)        007D
__Hspace_2                (abs)        0000
__Hspace_3                (abs)        0000
__Hspace_4                (abs)        400F
__Hstack                  stack        0000
__Hstrings                strings      0000
__Htext                   text         0000
__L__absolute__           __absolute__ 0000
__Labs1                   abs1         0000
__Lbank0                  bank0        0000
__Lbank1                  bank1        0000
__Lbank2                  bank2        0000
__Lbank3                  bank3        0000
__LbssBANK0               bssBANK0     0000
__Lcinit                  cinit        07D8
__Lclrtext                clrtext      0000
__Lcode                   code         0000
__Lcommon                 common       0000
__Lconfig                 config       0000
__LcstackBANK0            cstackBANK0  0000
__LcstackCOMMON           cstackCOMMON 0000
__LdataBANK0              dataBANK0    0000
__Leeprom_data            eeprom_data  0000
__Lend_init               end_init     0000
__Lfunctab                functab      0000
__Lheap                   heap         0000
__LidataBANK0             idataBANK0   0000
__Linit                   init         0000
__Lintentry               intentry     0000
__Lmaintext               maintext     0000
__Lpowerup                powerup      0000
__Lram                    ram          0000
__Lreset_vec              reset_vec    0000
__Lsfr0                   sfr0         0000
__Lsfr1                   sfr1         0000
__Lsfr2                   sfr2         0000
__Lsfr3                   sfr3         0000
__Lspace_0                (abs)        0000
__Lspace_1                (abs)        0000
__Lspace_2                (abs)        0000
__Lspace_3                (abs)        0000
__Lspace_4                (abs)        0000
__Lstack                  stack        0000
__Lstrings                strings      0000
__Ltext                   text         0000
__S0                      (abs)        0800
__S1                      (abs)        007D
__S3                      (abs)        0000
___heap_hi                (abs)        0000
___heap_lo                (abs)        0000
___int_sp                 stack        0000
___int_stack_hi           stack        0000
___int_stack_lo           stack        0000
___latbits                (abs)        0002
___sp                     stack        0000
___stack_hi               stack        0000
___stack_lo               stack        0000
___stackhi                (abs)        0000
___stacklo                (abs)        0000
__end_of_Keypad_Get_Char  text10       07D8
__end_of_Keypad_Init      text9        0379
__end_of_Lcd_Clear        text6        0386
__end_of_Lcd_Cmd          text7        03A0
__end_of_Lcd_Init         text5        04B4
__end_of_Lcd_Port         text8        03C2
__end_of_Lcd_Set_Cursor   text4        0541
__end_of_Lcd_Write_Char   text3        0449
__end_of_Lcd_Write_String text2        03E7
__end_of__initialization  cinit        07FC
__end_of__stringtab       strings      0009
__end_of_main             maintext     0663
__end_of_strcmp           text1        0414
__initialization          cinit        07D8
__pbssBANK0               bssBANK0     0020
__pcstackBANK0            cstackBANK0  002B
__pcstackCOMMON           cstackCOMMON 0070
__pdataBANK0              dataBANK0    0026
__pidataBANK0             idataBANK0   036A
__pmaintext               maintext     0541
__pstrings                strings      0003
__ptext1                  text1        03E7
__ptext10                 text10       0663
__ptext2                  text2        03C2
__ptext3                  text3        0414
__ptext4                  text4        04B4
__ptext5                  text5        0449
__ptext6                  text6        0379
__ptext7                  text7        0386
__ptext8                  text8        03A0
__ptext9                  text9        036F
__stringbase              strings      0008
__stringtab               strings      0003
_clave                    bssBANK0     0021
_clave_enter              dataBANK0    0026
_main                     maintext     0541
_strcmp                   text1        03E7
_tecla                    bssBANK0     0020
btemp                     (abs)        007E
end_of_initialization     cinit        07FC
intlevel0                 functab      0000
intlevel1                 functab      0000
intlevel2                 functab      0000
intlevel3                 functab      0000
intlevel4                 functab      0000
intlevel5                 functab      0000
main@i                    cstackBANK0  002B
reset_vec                 reset_vec    0000
start                     init         0000
start_initialization      cinit        07D8
strcmp@l                  cstackCOMMON 0074
strcmp@r                  cstackCOMMON 0070
wtemp0                    (abs)        007E


MODULE INFORMATION

Module		Function		Class		Link	Load	Size
shared
		__stringtab    		STRING         	0003	0000	6
		__initialization		CODE           	07D8	0000	36

shared estimated size: 42

kbd4x3.c
		_Keypad_Init   		CODE           	036F	0000	10
		_Keypad_Get_Char		CODE           	0663	0000	373

kbd4x3.c estimated size: 383

C:\Program Files\Microchip\xc8\v2.45\pic\sources\c99\common\strcmp.c
		_strcmp        		CODE           	03E7	0000	45

C:\Program Files\Microchip\xc8\v2.45\pic\sources\c99\common\strcmp.c estimated size: 45

lcd.c
		_Lcd_Write_String		CODE           	03C2	0000	37
		_Lcd_Init      		CODE           	0449	0000	107
		_Lcd_Write_Char		CODE           	0414	0000	53
		_Lcd_Cmd       		CODE           	0386	0000	26
		_Lcd_Set_Cursor		CODE           	04B4	0000	141
		_Lcd_Clear     		CODE           	0379	0000	13
		_Lcd_Port      		CODE           	03A0	0000	34

lcd.c estimated size: 411

main.c
		_main          		CODE           	0541	0000	290

main.c estimated size: 290

