MPLINK 5.09, LINKER
Linker Map File - Created Sat May 25 10:14:38 2024

                                 Section Info
                  Section       Type    Address   Location Size(Bytes)
                ---------  ---------  ---------  ---------  ---------
                   .org_0       code   0x000000    program   0x00009a
                   .cinit    romdata   0x00004d    program   0x000004
.config_2007_BUILD/DEFAULT/PRODUCTION/MAIN.O       code   0x002007    program   0x000002



                              Program Memory Usage 
                               Start         End      
                           ---------   ---------      
                            0x000000    0x00004e      
                            0x002007    0x002007      
            80 out of 8454 program addresses used, program memory utilization is 0%



                              Symbols - Sorted by Name
                     Name    Address   Location    Storage File                     
                ---------  ---------  ---------  --------- ---------                
                     ALTO   0x000007    program     static C:\Users\user\Documents\..USB\8° TRIMESTRE\LAB DE MICRO\ASSEMBLER\P2.X\main.asm
                   ARRIBA   0x000042    program     static C:\Users\user\Documents\..USB\8° TRIMESTRE\LAB DE MICRO\ASSEMBLER\P2.X\main.asm
                     BAJO   0x00000b    program     static C:\Users\user\Documents\..USB\8° TRIMESTRE\LAB DE MICRO\ASSEMBLER\P2.X\main.asm
                   BUCLE1   0x000044    program     static C:\Users\user\Documents\..USB\8° TRIMESTRE\LAB DE MICRO\ASSEMBLER\P2.X\main.asm
              DECREMENTAR   0x000025    program     static C:\Users\user\Documents\..USB\8° TRIMESTRE\LAB DE MICRO\ASSEMBLER\P2.X\main.asm
              DELAY_500MS   0x000040    program     static C:\Users\user\Documents\..USB\8° TRIMESTRE\LAB DE MICRO\ASSEMBLER\P2.X\main.asm
              INCREMENTAR   0x000017    program     static C:\Users\user\Documents\..USB\8° TRIMESTRE\LAB DE MICRO\ASSEMBLER\P2.X\main.asm
          MOSTRAR_DISPLAY   0x000010    program     static C:\Users\user\Documents\..USB\8° TRIMESTRE\LAB DE MICRO\ASSEMBLER\P2.X\main.asm
                 PROGRAMA   0x000007    program     static C:\Users\user\Documents\..USB\8° TRIMESTRE\LAB DE MICRO\ASSEMBLER\P2.X\main.asm
                  REPITE1   0x000046    program     static C:\Users\user\Documents\..USB\8° TRIMESTRE\LAB DE MICRO\ASSEMBLER\P2.X\main.asm
                    TABLA   0x000035    program     static C:\Users\user\Documents\..USB\8° TRIMESTRE\LAB DE MICRO\ASSEMBLER\P2.X\main.asm



                              Symbols - Sorted by Address
                     Name    Address   Location    Storage File                     
                ---------  ---------  ---------  --------- ---------                
                     ALTO   0x000007    program     static C:\Users\user\Documents\..USB\8° TRIMESTRE\LAB DE MICRO\ASSEMBLER\P2.X\main.asm
                 PROGRAMA   0x000007    program     static C:\Users\user\Documents\..USB\8° TRIMESTRE\LAB DE MICRO\ASSEMBLER\P2.X\main.asm
                     BAJO   0x00000b    program     static C:\Users\user\Documents\..USB\8° TRIMESTRE\LAB DE MICRO\ASSEMBLER\P2.X\main.asm
          MOSTRAR_DISPLAY   0x000010    program     static C:\Users\user\Documents\..USB\8° TRIMESTRE\LAB DE MICRO\ASSEMBLER\P2.X\main.asm
              INCREMENTAR   0x000017    program     static C:\Users\user\Documents\..USB\8° TRIMESTRE\LAB DE MICRO\ASSEMBLER\P2.X\main.asm
              DECREMENTAR   0x000025    program     static C:\Users\user\Documents\..USB\8° TRIMESTRE\LAB DE MICRO\ASSEMBLER\P2.X\main.asm
                    TABLA   0x000035    program     static C:\Users\user\Documents\..USB\8° TRIMESTRE\LAB DE MICRO\ASSEMBLER\P2.X\main.asm
              DELAY_500MS   0x000040    program     static C:\Users\user\Documents\..USB\8° TRIMESTRE\LAB DE MICRO\ASSEMBLER\P2.X\main.asm
                   ARRIBA   0x000042    program     static C:\Users\user\Documents\..USB\8° TRIMESTRE\LAB DE MICRO\ASSEMBLER\P2.X\main.asm
                   BUCLE1   0x000044    program     static C:\Users\user\Documents\..USB\8° TRIMESTRE\LAB DE MICRO\ASSEMBLER\P2.X\main.asm
                  REPITE1   0x000046    program     static C:\Users\user\Documents\..USB\8° TRIMESTRE\LAB DE MICRO\ASSEMBLER\P2.X\main.asm


